// Vitest Snapshot v1, https://vitest.dev/guide/snapshot.html

exports[`OpenAPIConvertor > convertOpenAPIToPluginSchema > can convert OpenAPI v3.0.2 openAPI 1`] = `
[
  {
    "description": "Download Pdf",
    "name": "download_pdf_api_download_pdf_post",
    "parameters": {
      "properties": {
        "url": {
          "title": "Url",
          "type": "string",
        },
      },
      "required": [
        "url",
      ],
      "type": "object",
    },
  },
  {
    "description": "Perform Query",
    "name": "perform_query_query_post",
    "parameters": {
      "properties": {
        "_requestBody": {
          "properties": {
            "doc_id": {
              "title": "Doc Id",
              "type": "string",
            },
            "query": {
              "title": "Query",
              "type": "string",
            },
          },
          "required": [
            "doc_id",
            "query",
          ],
          "title": "InputData",
          "type": "object",
        },
      },
      "type": "object",
    },
  },
]
`;
